// Jest Snapshot v1, https://goo.gl/fbAQLP

exports[`Select Renders Correctly 1`] = `
<form
  action="#"
  onReset={[Function]}
  onSubmit={[Function]}
>
  <div
    className="MuiInputBase-root MuiInput-root MuiInput-underline"
    onClick={[Function]}
  >
    <select
      className="MuiNativeSelect-root MuiNativeSelect-select MuiInputBase-input MuiInput-input"
      disabled={false}
      name="test"
      onAnimationStart={[Function]}
      onBlur={[Function]}
      onChange={[Function]}
      onFocus={[Function]}
      value=""
    >
      <option
        value=""
      >
        <em>
          None
        </em>
      </option>
      <option
        value={10}
      >
        Ten
      </option>
      <option
        value={20}
      >
        Twenty
      </option>
      <option
        value={30}
      >
        Thirty
      </option>
    </select>
    <svg
      aria-hidden={true}
      className="MuiSvgIcon-root MuiNativeSelect-icon"
      focusable="false"
      viewBox="0 0 24 24"
    >
      <path
        d="M7 10l5 5 5-5z"
      />
    </svg>
  </div>
</form>
`;
