// Vitest Snapshot v1, https://vitest.dev/guide/snapshot.html

exports[`DesktopTimePicker Renders Correctly 1`] = `
<DocumentFragment>
  <form
    action="#"
  >
    <div
      class="MuiFormControl-root MuiTextField-root css-z3c6am-MuiFormControl-root-MuiTextField-root"
    >
      <label
        class="MuiFormLabel-root MuiInputLabel-root MuiInputLabel-formControl MuiInputLabel-animated MuiInputLabel-shrink MuiInputLabel-sizeMedium MuiInputLabel-outlined MuiFormLabel-colorPrimary MuiFormLabel-filled MuiInputLabel-root MuiInputLabel-formControl MuiInputLabel-animated MuiInputLabel-shrink MuiInputLabel-sizeMedium MuiInputLabel-outlined css-1jy569b-MuiFormLabel-root-MuiInputLabel-root"
        data-shrink="true"
        for=":r0:"
        id=":r0:-label"
      >
        Time
      </label>
      <div
        class="MuiInputBase-root MuiOutlinedInput-root MuiInputBase-colorPrimary MuiInputBase-formControl MuiInputBase-adornedEnd css-o9k5xi-MuiInputBase-root-MuiOutlinedInput-root"
      >
        <input
          aria-describedby=":r0:-helper-text"
          aria-invalid="false"
          autocomplete="off"
          class="MuiInputBase-input MuiOutlinedInput-input MuiInputBase-inputAdornedEnd css-nxo287-MuiInputBase-input-MuiOutlinedInput-input"
          id=":r0:"
          inputmode="text"
          name="test"
          placeholder="hh:mm aa"
          type="text"
          value="12:00 AM"
        />
        <div
          class="MuiInputAdornment-root MuiInputAdornment-positionEnd MuiInputAdornment-outlined MuiInputAdornment-sizeMedium css-1laqsz7-MuiInputAdornment-root"
        >
          <button
            aria-label="Choose time, selected time is 12:00 AM"
            class="MuiButtonBase-root MuiIconButton-root MuiIconButton-edgeEnd MuiIconButton-sizeMedium css-1yq5fb3-MuiButtonBase-root-MuiIconButton-root"
            tabindex="0"
            type="button"
          >
            <svg
              aria-hidden="true"
              class="MuiSvgIcon-root MuiSvgIcon-fontSizeMedium css-i4bv87-MuiSvgIcon-root"
              data-testid="ClockIcon"
              focusable="false"
              viewBox="0 0 24 24"
            >
              <path
                d="M11.99 2C6.47 2 2 6.48 2 12s4.47 10 9.99 10C17.52 22 22 17.52 22 12S17.52 2 11.99 2zM12 20c-4.42 0-8-3.58-8-8s3.58-8 8-8 8 3.58 8 8-3.58 8-8 8z"
              />
              <path
                d="M12.5 7H11v6l5.25 3.15.75-1.23-4.5-2.67z"
              />
            </svg>
            <span
              class="MuiTouchRipple-root css-8je8zh-MuiTouchRipple-root"
            />
          </button>
        </div>
        <fieldset
          aria-hidden="true"
          class="MuiOutlinedInput-notchedOutline css-1d3z3hw-MuiOutlinedInput-notchedOutline"
        >
          <legend
            class="css-14lo706"
          >
            <span>
              Time
            </span>
          </legend>
        </fieldset>
      </div>
      <p
        class="MuiFormHelperText-root MuiFormHelperText-sizeMedium MuiFormHelperText-contained MuiFormHelperText-filled css-1wc848c-MuiFormHelperText-root"
        id=":r0:-helper-text"
      >
        Helper text
      </p>
    </div>
  </form>
</DocumentFragment>
`;
