// Vitest Snapshot v1, https://vitest.dev/guide/snapshot.html

exports[`MobileDateTimePicker Renders Correctly 1`] = `
<DocumentFragment>
  <form
    action="#"
  >
    <div
      class="MuiFormControl-root MuiTextField-root css-z3c6am-MuiFormControl-root-MuiTextField-root"
    >
      <label
        class="MuiFormLabel-root MuiInputLabel-root MuiInputLabel-formControl MuiInputLabel-animated MuiInputLabel-shrink MuiInputLabel-sizeMedium MuiInputLabel-outlined MuiFormLabel-colorPrimary MuiFormLabel-filled MuiInputLabel-root MuiInputLabel-formControl MuiInputLabel-animated MuiInputLabel-shrink MuiInputLabel-sizeMedium MuiInputLabel-outlined css-1jy569b-MuiFormLabel-root-MuiInputLabel-root"
        data-shrink="true"
        for=":r1:"
        id=":r1:-label"
      >
        Datetime
      </label>
      <div
        class="MuiInputBase-root MuiOutlinedInput-root MuiInputBase-colorPrimary MuiInputBase-formControl MuiInputBase-adornedEnd Mui-readOnly MuiInputBase-readOnly css-o9k5xi-MuiInputBase-root-MuiOutlinedInput-root"
      >
        <input
          aria-describedby=":r1:-helper-text"
          aria-invalid="false"
          aria-label="Choose date, selected date is Jan 1, 2020"
          autocomplete="off"
          class="MuiInputBase-input MuiOutlinedInput-input MuiInputBase-inputAdornedEnd Mui-readOnly MuiInputBase-readOnly css-nxo287-MuiInputBase-input-MuiOutlinedInput-input"
          id=":r1:"
          inputmode="text"
          name="test"
          placeholder="MM/DD/YYYY hh:mm aa"
          readonly=""
          type="text"
          value="01/01/2020 02:00 AM"
        />
        <fieldset
          aria-hidden="true"
          class="MuiOutlinedInput-notchedOutline css-1d3z3hw-MuiOutlinedInput-notchedOutline"
        >
          <legend
            class="css-14lo706"
          >
            <span>
              Datetime
            </span>
          </legend>
        </fieldset>
      </div>
      <p
        class="MuiFormHelperText-root MuiFormHelperText-sizeMedium MuiFormHelperText-contained MuiFormHelperText-filled css-1wc848c-MuiFormHelperText-root"
        id=":r1:-helper-text"
      >
        Helper text
      </p>
    </div>
  </form>
</DocumentFragment>
`;
