// Vitest Snapshot v1, https://vitest.dev/guide/snapshot.html

exports[`StaticTimePicker Renders Correctly 1`] = `
<DocumentFragment>
  <form
    action="#"
  >
    <div
      class=" MuiPickersLayout-root css-gqp4xl-MuiPickersLayout-root"
    >
      <div
        class="MuiPickersToolbar-root MuiTimePickerToolbar-root MuiPickersLayout-toolbar css-1q48g88-MuiPickersToolbar-root-MuiTimePickerToolbar-root"
      >
        <span
          class="MuiTypography-root MuiTypography-overline css-1hbyad5-MuiTypography-root"
        >
          Select time
        </span>
        <div
          class="MuiPickersToolbar-content css-1wsi274-MuiPickersToolbar-content"
        >
          <div
            class="MuiTimePickerToolbar-hourMinuteLabel css-trxt40-MuiTimePickerToolbar-hourMinuteLabel"
          >
            <button
              class="MuiButtonBase-root MuiButton-root MuiButton-text MuiButton-textPrimary MuiButton-sizeMedium MuiButton-textSizeMedium MuiButton-colorPrimary MuiButton-root MuiButton-text MuiButton-textPrimary MuiButton-sizeMedium MuiButton-textSizeMedium MuiButton-colorPrimary MuiPickersToolbar-root css-13u1oz-MuiButtonBase-root-MuiButton-root-MuiPickersToolbarButton-root"
              tabindex="-1"
              type="button"
            >
              <span
                class="MuiTypography-root MuiTypography-h3 MuiPickersToolbarText-root Mui-selected css-mvmxd9-MuiTypography-root-MuiPickersToolbarText-root"
              >
                12
              </span>
              <span
                class="MuiTouchRipple-root css-8je8zh-MuiTouchRipple-root"
              />
            </button>
            <span
              class="MuiTypography-root MuiTypography-h3 MuiTimePickerToolbar-separator MuiPickersToolbarText-root css-1f43ekz-MuiTypography-root-MuiPickersToolbarText-root-MuiTimePickerToolbar-separator"
              tabindex="-1"
            >
              :
            </span>
            <button
              class="MuiButtonBase-root MuiButton-root MuiButton-text MuiButton-textPrimary MuiButton-sizeMedium MuiButton-textSizeMedium MuiButton-colorPrimary MuiButton-root MuiButton-text MuiButton-textPrimary MuiButton-sizeMedium MuiButton-textSizeMedium MuiButton-colorPrimary MuiPickersToolbar-root css-13u1oz-MuiButtonBase-root-MuiButton-root-MuiPickersToolbarButton-root"
              tabindex="-1"
              type="button"
            >
              <span
                class="MuiTypography-root MuiTypography-h3 MuiPickersToolbarText-root css-mvmxd9-MuiTypography-root-MuiPickersToolbarText-root"
              >
                00
              </span>
              <span
                class="MuiTouchRipple-root css-8je8zh-MuiTouchRipple-root"
              />
            </button>
          </div>
          <div
            class="MuiTimePickerToolbar-ampmSelection css-ihhycx-MuiTimePickerToolbar-amPmSelection"
          >
            <button
              class="MuiButtonBase-root MuiButton-root MuiButton-text MuiButton-textPrimary MuiButton-sizeMedium MuiButton-textSizeMedium MuiButton-colorPrimary MuiButton-root MuiButton-text MuiButton-textPrimary MuiButton-sizeMedium MuiButton-textSizeMedium MuiButton-colorPrimary MuiPickersToolbar-root css-13u1oz-MuiButtonBase-root-MuiButton-root-MuiPickersToolbarButton-root"
              tabindex="0"
              type="button"
            >
              <span
                class="MuiTypography-root MuiTypography-subtitle2 MuiTimePickerToolbar-ampmLabel MuiPickersToolbarText-root Mui-selected css-7kirvq-MuiTypography-root-MuiPickersToolbarText-root"
              >
                AM
              </span>
            </button>
            <button
              class="MuiButtonBase-root MuiButton-root MuiButton-text MuiButton-textPrimary MuiButton-sizeMedium MuiButton-textSizeMedium MuiButton-colorPrimary MuiButton-root MuiButton-text MuiButton-textPrimary MuiButton-sizeMedium MuiButton-textSizeMedium MuiButton-colorPrimary MuiPickersToolbar-root css-13u1oz-MuiButtonBase-root-MuiButton-root-MuiPickersToolbarButton-root"
              tabindex="0"
              type="button"
            >
              <span
                class="MuiTypography-root MuiTypography-subtitle2 MuiTimePickerToolbar-ampmLabel MuiPickersToolbarText-root css-7kirvq-MuiTypography-root-MuiPickersToolbarText-root"
              >
                PM
              </span>
            </button>
          </div>
        </div>
      </div>
      <div
        class="MuiPickersLayout-contentWrapper css-16b5y55-MuiPickersLayout-contentWrapper"
      >
        <div
          class="MuiTimeClock-root css-eegpc0-MuiTimeClock-root"
        >
          <div
            class="MuiClock-root css-1j9v0by-MuiClock-root"
          >
            <div
              class="MuiClock-clock css-4f0ona-MuiClock-clock"
            >
              <div
                class="MuiClock-squareMask css-de3exi-MuiClock-squareMask"
              />
              <div
                class="MuiClock-pin css-umzx0k-MuiClock-pin"
              />
              <div
                class="MuiClockPointer-root css-d0vs79-MuiClockPointer-root"
                style="height: 88px; transform: rotateZ(0deg);"
              >
                <div
                  class="MuiClockPointer-thumb css-f53ilk-MuiClockPointer-thumb"
                />
              </div>
              <div
                aria-activedescendant=":r0:"
                aria-label="Select hours. Selected time is 12:00 AM"
                class="MuiClock-wrapper css-1ys9rbi-MuiClock-wrapper"
                role="listbox"
                tabindex="0"
              >
                <span
                  aria-label="1 hours"
                  class="MuiClockNumber-root css-zddqwy-MuiClockNumber-root"
                  role="option"
                  style="transform: translate(45px, 13px;"
                >
                  1
                </span>
                <span
                  aria-label="2 hours"
                  class="MuiClockNumber-root css-zddqwy-MuiClockNumber-root"
                  role="option"
                  style="transform: translate(79px, 47px;"
                >
                  2
                </span>
                <span
                  aria-label="3 hours"
                  class="MuiClockNumber-root css-zddqwy-MuiClockNumber-root"
                  role="option"
                  style="transform: translate(91px, 92px;"
                >
                  3
                </span>
                <span
                  aria-label="4 hours"
                  class="MuiClockNumber-root css-zddqwy-MuiClockNumber-root"
                  role="option"
                  style="transform: translate(79px, 137px;"
                >
                  4
                </span>
                <span
                  aria-label="5 hours"
                  class="MuiClockNumber-root css-zddqwy-MuiClockNumber-root"
                  role="option"
                  style="transform: translate(45px, 171px;"
                >
                  5
                </span>
                <span
                  aria-label="6 hours"
                  class="MuiClockNumber-root css-zddqwy-MuiClockNumber-root"
                  role="option"
                  style="transform: translate(0px, 183px;"
                >
                  6
                </span>
                <span
                  aria-label="7 hours"
                  class="MuiClockNumber-root css-zddqwy-MuiClockNumber-root"
                  role="option"
                  style="transform: translate(-46px, 171px;"
                >
                  7
                </span>
                <span
                  aria-label="8 hours"
                  class="MuiClockNumber-root css-zddqwy-MuiClockNumber-root"
                  role="option"
                  style="transform: translate(-79px, 138px;"
                >
                  8
                </span>
                <span
                  aria-label="9 hours"
                  class="MuiClockNumber-root css-zddqwy-MuiClockNumber-root"
                  role="option"
                  style="transform: translate(-91px, 92px;"
                >
                  9
                </span>
                <span
                  aria-label="10 hours"
                  class="MuiClockNumber-root css-zddqwy-MuiClockNumber-root"
                  role="option"
                  style="transform: translate(-79px, 46px;"
                >
                  10
                </span>
                <span
                  aria-label="11 hours"
                  class="MuiClockNumber-root css-zddqwy-MuiClockNumber-root"
                  role="option"
                  style="transform: translate(-46px, 13px;"
                >
                  11
                </span>
                <span
                  aria-label="12 hours"
                  aria-selected="true"
                  class="MuiClockNumber-root Mui-selected css-zddqwy-MuiClockNumber-root"
                  id=":r0:"
                  role="option"
                  style="transform: translate(0px, 1px;"
                >
                  12
                </span>
              </div>
            </div>
          </div>
          <div
            class="MuiPickersArrowSwitcher-root MuiTimeClock-arrowSwitcher css-2x8kvt-MuiPickersArrowSwitcher-root-MuiTimeClock-arrowSwitcher"
          >
            <button
              aria-label="Open previous view"
              class="MuiButtonBase-root Mui-disabled MuiIconButton-root Mui-disabled MuiIconButton-edgeEnd MuiIconButton-sizeMedium MuiPickersArrowSwitcher-button MuiPickersArrowSwitcher-previousIconButton css-kg9q0s-MuiButtonBase-root-MuiIconButton-root-MuiPickersArrowSwitcher-button"
              disabled=""
              tabindex="-1"
              title="Open previous view"
              type="button"
            >
              <svg
                aria-hidden="true"
                class="MuiSvgIcon-root MuiSvgIcon-fontSizeInherit MuiPickersArrowSwitcher-leftArrowIcon css-1vooibu-MuiSvgIcon-root"
                data-testid="ArrowLeftIcon"
                focusable="false"
                viewBox="0 0 24 24"
              >
                <path
                  d="M15.41 16.59L10.83 12l4.58-4.59L14 6l-6 6 6 6 1.41-1.41z"
                />
              </svg>
            </button>
            <div
              class="MuiPickersArrowSwitcher-spacer css-xb7uwb-MuiPickersArrowSwitcher-spacer"
            />
            <button
              aria-label="Open next view"
              class="MuiButtonBase-root MuiIconButton-root MuiIconButton-edgeStart MuiIconButton-sizeMedium MuiPickersArrowSwitcher-button MuiPickersArrowSwitcher-nextIconButton css-1nkg345-MuiButtonBase-root-MuiIconButton-root-MuiPickersArrowSwitcher-button"
              tabindex="0"
              title="Open next view"
              type="button"
            >
              <svg
                aria-hidden="true"
                class="MuiSvgIcon-root MuiSvgIcon-fontSizeInherit MuiPickersArrowSwitcher-rightArrowIcon css-1vooibu-MuiSvgIcon-root"
                data-testid="ArrowRightIcon"
                focusable="false"
                viewBox="0 0 24 24"
              >
                <path
                  d="M8.59 16.59L13.17 12 8.59 7.41 10 6l6 6-6 6-1.41-1.41z"
                />
              </svg>
              <span
                class="MuiTouchRipple-root css-8je8zh-MuiTouchRipple-root"
              />
            </button>
          </div>
        </div>
      </div>
      <div
        class="MuiDialogActions-root MuiDialogActions-spacing MuiPickersLayout-actionBar css-knqc4i-MuiDialogActions-root"
      >
        <button
          class="MuiButtonBase-root MuiButton-root MuiButton-text MuiButton-textPrimary MuiButton-sizeMedium MuiButton-textSizeMedium MuiButton-colorPrimary MuiButton-root MuiButton-text MuiButton-textPrimary MuiButton-sizeMedium MuiButton-textSizeMedium MuiButton-colorPrimary css-1e6y48t-MuiButtonBase-root-MuiButton-root"
          tabindex="0"
          type="button"
        >
          Cancel
          <span
            class="MuiTouchRipple-root css-8je8zh-MuiTouchRipple-root"
          />
        </button>
        <button
          class="MuiButtonBase-root MuiButton-root MuiButton-text MuiButton-textPrimary MuiButton-sizeMedium MuiButton-textSizeMedium MuiButton-colorPrimary MuiButton-root MuiButton-text MuiButton-textPrimary MuiButton-sizeMedium MuiButton-textSizeMedium MuiButton-colorPrimary css-1e6y48t-MuiButtonBase-root-MuiButton-root"
          tabindex="0"
          type="button"
        >
          OK
          <span
            class="MuiTouchRipple-root css-8je8zh-MuiTouchRipple-root"
          />
        </button>
      </div>
    </div>
  </form>
</DocumentFragment>
`;
