// Vitest Snapshot v1, https://vitest.dev/guide/snapshot.html

exports[`SimpleFileUpload Renders Correctly 1`] = `
<DocumentFragment>
  <form
    action="#"
  >
    <div
      class="MuiFormControl-root css-1nrlq1o-MuiFormControl-root"
    >
      <label
        class="MuiFormLabel-root MuiInputLabel-root MuiInputLabel-formControl MuiInputLabel-animated MuiInputLabel-shrink MuiInputLabel-sizeMedium MuiInputLabel-outlined MuiFormLabel-colorPrimary MuiInputLabel-root MuiInputLabel-formControl MuiInputLabel-animated MuiInputLabel-shrink MuiInputLabel-sizeMedium MuiInputLabel-outlined css-1jy569b-MuiFormLabel-root-MuiInputLabel-root"
        data-shrink="true"
      >
        Select
      </label>
      <div
        class="MuiInputBase-root MuiInput-root MuiInput-underline MuiInputBase-colorPrimary MuiInputBase-formControl css-1eed5fa-MuiInputBase-root-MuiInput-root"
      >
        <input
          aria-invalid="false"
          class="MuiInputBase-input MuiInput-input css-1x51dt5-MuiInputBase-input-MuiInput-input"
          name="test"
          type="file"
          value=""
        />
      </div>
    </div>
  </form>
</DocumentFragment>
`;
