// Vitest Snapshot v1, https://vitest.dev/guide/snapshot.html

exports[`Switch Renders Correctly 1`] = `
<DocumentFragment>
  <form
    action="#"
  >
    <span
      class="MuiSwitch-root MuiSwitch-sizeMedium css-julti5-MuiSwitch-root"
    >
      <span
        class="MuiButtonBase-root MuiSwitch-switchBase MuiSwitch-colorPrimary PrivateSwitchBase-root MuiSwitch-switchBase MuiSwitch-colorPrimary css-byenzh-MuiButtonBase-root-MuiSwitch-switchBase"
      >
        <input
          class="PrivateSwitchBase-input MuiSwitch-input css-1m9pwf3"
          name="test"
          type="checkbox"
        />
        <span
          class="MuiSwitch-thumb css-jsexje-MuiSwitch-thumb"
        />
        <span
          class="MuiTouchRipple-root css-8je8zh-MuiTouchRipple-root"
        />
      </span>
      <span
        class="MuiSwitch-track css-1yjjitx-MuiSwitch-track"
      />
    </span>
  </form>
</DocumentFragment>
`;
