// Jest Snapshot v1, https://goo.gl/fbAQLP

exports[`Checkbox Renders Correctly 1`] = `
<form
  onSubmit={[Function]}
>
  <span
    className="MuiButtonBase-root-17 MuiIconButton-root-11 MuiSwitchBase-root-7 MuiCheckbox-root-1 MuiCheckbox-colorSecondary-6"
    label="Checkbox"
    onBlur={[Function]}
    onFocus={[Function]}
    onKeyDown={[Function]}
    onKeyUp={[Function]}
    onMouseDown={[Function]}
    onMouseLeave={[Function]}
    onMouseUp={[Function]}
    onTouchEnd={[Function]}
    onTouchMove={[Function]}
    onTouchStart={[Function]}
    tabIndex={null}
  >
    <span
      className="MuiIconButton-label-16"
    >
      <svg
        aria-hidden="true"
        className="MuiSvgIcon-root-20"
        focusable="false"
        role="presentation"
        viewBox="0 0 24 24"
      >
        <path
          d="M19 5v14H5V5h14m0-2H5c-1.1 0-2 .9-2 2v14c0 1.1.9 2 2 2h14c1.1 0 2-.9 2-2V5c0-1.1-.9-2-2-2z"
        />
      </svg>
      <input
        checked=""
        className="MuiSwitchBase-input-10"
        data-indeterminate={false}
        disabled={false}
        name="test"
        onChange={[Function]}
        type="checkbox"
        value=""
      />
    </span>
    <span
      className="MuiTouchRipple-root-29"
    />
  </span>
</form>
`;
