// Jest Snapshot v1, https://goo.gl/fbAQLP

exports[`InputBase Renders Correctly 1`] = `
<form
  onReset={[Function]}
  onSubmit={[Function]}
>
  <div
    className="MuiInputBase-root"
    label="InputBase"
    onClick={[Function]}
  >
    <input
      className="MuiInputBase-input"
      disabled={false}
      name="test"
      onAnimationStart={[Function]}
      onBlur={[Function]}
      onChange={[Function]}
      onFocus={[Function]}
      type="text"
      value="Input"
    />
  </div>
</form>
`;
